{
  "winner": {
    "index": 3571,
    "label": "refine_06_120",
    "stage": "refinement",
    "hardness": 109.87459216355096,
    "p": 1.5,
    "epsilon": 0.8104484280879438,
    "tau0_s": 8.741820760093148e-06,
    "linear_density_kg_m": 0.006751517084270981,
    "tension_N": 780.9979217748913,
    "velocity_scale": 1.5460346460795498,
    "midi80_velocity_m_s": 1.6266395205247568,
    "status": "PASS",
    "paired_shape_rmse_db": 1.126574466009547,
    "median_abs_shape_error_db": 0.38311247443967167,
    "p90_abs_shape_error_db": 2.1947825317125433,
    "force_curve_gate_pass": false,
    "midi80_contact_duration_ms": 7.7777777777777795,
    "midi80_contact_span_ms": 8.367346938775508,
    "midi80_Fmax_N": 6.51795976307864,
    "midi80_peak_position": 0.19783197831978297,
    "midi80_impulse_Ns": 0.025216843352907848,
    "midi80_rise_fall_ratio": 0.24662162162162127,
    "midi80_rebound_velocity_m_s": -0.0547669603949,
    "max_energy_ratio": 1.0,
    "physical_gate_penalty": 4.574845679012349
  },
  "candidate_count": 7051,
  "passing_candidate_count": 0,
  "selection_basis": "complete_rebound_curve_then_rmse",
  "refinement_basis": "near_gate_fallback",
  "minimum_snr_db": 0.0,
  "mode_count": 13,
  "modal_frequencies_hz": [
    261.5952780690596,
    523.1834479594987,
    785.3578940749138,
    1048.6238450988235,
    1312.864491664852,
    1578.4302179495207,
    1845.7308066504609,
    2114.8239017056167,
    2386.0665408236573,
    2659.8806630776357,
    2936.5262638125855,
    3215.6841610553674,
    3498.7529366765953
  ],
  "goebl_velocity_m_s": {
    "50": 0.5221217822340614,
    "65": 0.7158634668102116,
    "80": 1.052136525303366,
    "95": 1.7244837345822932,
    "110": 3.439269708578476
  },
  "target_wavs": {
    "50": "/Users/opusarc/Projects/XCodeProjects/bBpiano/Cli/bBpiano Lite/bBworks/hardware/parameter_benchmark_results/post_waveguide_fix/reference_pcm/C4_take01_v50.wav",
    "65": "/Users/opusarc/Projects/XCodeProjects/bBpiano/Cli/bBpiano Lite/bBworks/hardware/parameter_benchmark_results/post_waveguide_fix/reference_pcm/C4_take02_v65.wav",
    "80": "/Users/opusarc/Projects/XCodeProjects/bBpiano/Cli/bBpiano Lite/bBworks/hardware/parameter_benchmark_results/post_waveguide_fix/reference_pcm/C4_take03_v80.wav",
    "95": "/Users/opusarc/Projects/XCodeProjects/bBpiano/Cli/bBpiano Lite/bBworks/hardware/parameter_benchmark_results/post_waveguide_fix/reference_pcm/C4_take04_v95.wav",
    "110": "/Users/opusarc/Projects/XCodeProjects/bBpiano/Cli/bBpiano Lite/bBworks/hardware/parameter_benchmark_results/post_waveguide_fix/reference_pcm/C4_take05_v110.wav"
  }
}
